docs\m3\ROOTS-AI_M3_AI_Boundary_DB_Tests.sql
docs\m3\evidence\ai.log
docs\m3\evidence\build.log
docs\m3\evidence\canonical.log
docs\m3\evidence\capture-stamp.txt
docs\m3\evidence\e2e.log
docs\m3\evidence\golden.log
docs\m3\evidence\lint.log
docs\m3\evidence\report.log
docs\m3\evidence\rls.log
docs\m3\evidence\security.log
docs\m3\evidence-package\READ_FIRST.md
docs\m3\evidence-package\ROOTS-AI_Project_Brief.md
docs\m3\m3\ROOTS-AI_C03_Amendment_A1_Report_Corrections.md
docs\m3\m3\ROOTS-AI_M3_Accessibility_Evidence.md
docs\m3\m3\ROOTS-AI_M3_AI_Boundary_DB_Tests.sql
docs\m3\m3\ROOTS-AI_M3_AI_Integration_Evidence.md
docs\m3\m3\ROOTS-AI_M3_AI_Settings.md
docs\m3\m3\ROOTS-AI_M3_Backup_and_Restore_Drill_Plan.md
docs\m3\m3\ROOTS-AI_M3_C03_Wording_Register.md
docs\m3\m3\ROOTS-AI_M3_C07_Critical_Row_Trace.md
docs\m3\m3\ROOTS-AI_M3_C07_Traceability_Summary.md
docs\m3\m3\ROOTS-AI_M3_Closure_Register.md
docs\m3\m3\ROOTS-AI_M3_Coverage_Evidence.md
docs\m3\m3\ROOTS-AI_M3_DB_Probe_Execution_Log.md
docs\m3\m3\ROOTS-AI_M3_Decision_Log.md
docs\m3\m3\ROOTS-AI_M3_Decision_Matrix.md
docs\m3\m3\ROOTS-AI_M3_Defect_Record_B1_Secure_Link_Provisioning.md
docs\m3\m3\ROOTS-AI_M3_Driver_State_Matrix.md
docs\m3\m3\ROOTS-AI_M3_E2E_Evidence.md
docs\m3\m3\ROOTS-AI_M3_Final_Report_Verification.md
docs\m3\m3\ROOTS-AI_M3_LEG_Screen_Acceptance.md
docs\m3\m3\ROOTS-AI_M3_OWASP_Evidence.md
docs\m3\m3\ROOTS-AI_M3_Package_Integrity_Verification.md
docs\m3\m3\ROOTS-AI_M3_Performance_Evidence.md
docs\m3\m3\ROOTS-AI_M3_Performance_Test_Plan.md
docs\m3\m3\ROOTS-AI_M3_Point19_Input_Inventory.md
docs\m3\m3\ROOTS-AI_M3_Point21_Content_Matrix.md
docs\m3\m3\ROOTS-AI_M3_Point34_Presentation_Boundary.md
docs\m3\m3\ROOTS-AI_M3_Release_Manifest.md
docs\m3\m3\ROOTS-AI_M3_Report_Review_35_Point_Checklist.md
docs\m3\m3\ROOTS-AI_M3_Responsive_Evidence.md
docs\m3\m3\ROOTS-AI_M3_Section7_Presentation_Matrix.md
docs\m3\m3\ROOTS-AI_M3_Security_Evidence.md
docs\m3\m3\ROOTS-AI_M3_Submission_Index.md
docs\m3\m3\ROOTS-AI_M3_Synthetic_Test_Data.md
docs\m3\m3\ROOTS-AI_M3_Token_Contrast_Evidence.md
docs\m3\m3\ROOTS-AI_M3_Vendor_Copy_Register.md
docs\m3\m3\ROOTS-AI_M3_Web_PDF_Parity_Matrix.md
docs\m3\m3\archive\2026-09-29-3f3d25f\ROOTS-AI_C03_Amendment_A1_Report_Corrections.md
docs\m3\m3\archive\2026-09-29-3f3d25f\ROOTS-AI_M3_Accessibility_Evidence.md
docs\m3\m3\archive\2026-09-29-3f3d25f\ROOTS-AI_M3_AI_Boundary_DB_Tests.sql
docs\m3\m3\archive\2026-09-29-3f3d25f\ROOTS-AI_M3_AI_Integration_Evidence.md
docs\m3\m3\archive\2026-09-29-3f3d25f\ROOTS-AI_M3_Backup_and_Restore_Drill_Plan.md
docs\m3\m3\archive\2026-09-29-3f3d25f\ROOTS-AI_M3_C03_Wording_Register.md
docs\m3\m3\archive\2026-09-29-3f3d25f\ROOTS-AI_M3_C07_Critical_Row_Trace.md
docs\m3\m3\archive\2026-09-29-3f3d25f\ROOTS-AI_M3_C07_Traceability_Summary.md
docs\m3\m3\archive\2026-09-29-3f3d25f\ROOTS-AI_M3_Coverage_Evidence.md
docs\m3\m3\archive\2026-09-29-3f3d25f\ROOTS-AI_M3_DB_Probe_Execution_Log.md
docs\m3\m3\archive\2026-09-29-3f3d25f\ROOTS-AI_M3_Decision_Log.md
docs\m3\m3\archive\2026-09-29-3f3d25f\ROOTS-AI_M3_Decision_Matrix.md
docs\m3\m3\archive\2026-09-29-3f3d25f\ROOTS-AI_M3_Defect_Record_B1_Secure_Link_Provisioning.md
docs\m3\m3\archive\2026-09-29-3f3d25f\ROOTS-AI_M3_Driver_State_Matrix.md
docs\m3\m3\archive\2026-09-29-3f3d25f\ROOTS-AI_M3_E2E_Evidence.md
docs\m3\m3\archive\2026-09-29-3f3d25f\ROOTS-AI_M3_Final_Report_Verification.md
docs\m3\m3\archive\2026-09-29-3f3d25f\ROOTS-AI_M3_LEG_Screen_Acceptance.md
docs\m3\m3\archive\2026-09-29-3f3d25f\ROOTS-AI_M3_OWASP_Evidence.md
docs\m3\m3\archive\2026-09-29-3f3d25f\ROOTS-AI_M3_Package_Integrity_Verification.md
docs\m3\m3\archive\2026-09-29-3f3d25f\ROOTS-AI_M3_Performance_Evidence.md
docs\m3\m3\archive\2026-09-29-3f3d25f\ROOTS-AI_M3_Performance_Test_Plan.md
docs\m3\m3\archive\2026-09-29-3f3d25f\ROOTS-AI_M3_Point19_Input_Inventory.md
docs\m3\m3\archive\2026-09-29-3f3d25f\ROOTS-AI_M3_Point21_Content_Matrix.md
docs\m3\m3\archive\2026-09-29-3f3d25f\ROOTS-AI_M3_Point34_Presentation_Boundary.md
docs\m3\m3\archive\2026-09-29-3f3d25f\ROOTS-AI_M3_Report_Review_35_Point_Checklist.md
docs\m3\m3\archive\2026-09-29-3f3d25f\ROOTS-AI_M3_Responsive_Evidence.md
docs\m3\m3\archive\2026-09-29-3f3d25f\ROOTS-AI_M3_Section7_Presentation_Matrix.md
docs\m3\m3\archive\2026-09-29-3f3d25f\ROOTS-AI_M3_Security_Evidence.md
docs\m3\m3\archive\2026-09-29-3f3d25f\ROOTS-AI_M3_Submission_Index.md
docs\m3\m3\archive\2026-09-29-3f3d25f\ROOTS-AI_M3_Synthetic_Test_Data.md
docs\m3\m3\archive\2026-09-29-3f3d25f\ROOTS-AI_M3_Token_Contrast_Evidence.md
docs\m3\m3\archive\2026-09-29-3f3d25f\ROOTS-AI_M3_Vendor_Copy_Register.md
docs\m3\m3\archive\2026-09-29-3f3d25f\ROOTS-AI_M3_Web_PDF_Parity_Matrix.md
docs\m3\m3\archive\2026-09-29-3f3d25f\evidence\C07_v1.0.1_M3_VENDOR_COMPLETED.xlsx
docs\m3\m3\archive\2026-09-29-3f3d25f\evidence\db-probes.csv
docs\m3\m3\archive\2026-09-29-3f3d25f\evidence\parity-GT-001.pdf
docs\m3\m3\archive\2026-09-29-3f3d25f\evidence\parity-GT-002.pdf
docs\m3\m3\archive\2026-09-29-3f3d25f\evidence\parity-GT-013.pdf
docs\m3\m3\archive\2026-09-29-3f3d25f\evidence\parity-GT-017.pdf
docs\m3\m3\archive\2026-09-29-3f3d25f\evidence\parity-GT-020.pdf
docs\m3\m3\archive\2026-09-29-3f3d25f\evidence\parity-input.json
docs\m3\m3\archive\2026-09-29-3f3d25f\evidence\point21-matrix.json
docs\m3\m3\archive\2026-09-29-3f3d25f\evidence\Point21_Content_Matrix_FOR_ROOTS.xlsx
docs\m3\m3\archive\2026-09-29-3f3d25f\evidence\review-points.pdf
docs\m3\m3\archive\2026-09-29-3f3d25f\evidence\responsive\ai-disclaimer-1024.jpg
docs\m3\m3\archive\2026-09-29-3f3d25f\evidence\responsive\ai-disclaimer-1440.jpg
docs\m3\m3\archive\2026-09-29-3f3d25f\evidence\responsive\ai-disclaimer-320.jpg
docs\m3\m3\archive\2026-09-29-3f3d25f\evidence\responsive\ai-disclaimer-360.jpg
docs\m3\m3\archive\2026-09-29-3f3d25f\evidence\responsive\ai-disclaimer-768.jpg
docs\m3\m3\archive\2026-09-29-3f3d25f\evidence\responsive\assessment-1024.jpg
docs\m3\m3\archive\2026-09-29-3f3d25f\evidence\responsive\assessment-1440.jpg
docs\m3\m3\archive\2026-09-29-3f3d25f\evidence\responsive\assessment-320.jpg
docs\m3\m3\archive\2026-09-29-3f3d25f\evidence\responsive\assessment-360.jpg
docs\m3\m3\archive\2026-09-29-3f3d25f\evidence\responsive\assessment-768.jpg
docs\m3\m3\archive\2026-09-29-3f3d25f\evidence\responsive\blog-1024.jpg
docs\m3\m3\archive\2026-09-29-3f3d25f\evidence\responsive\blog-1440.jpg
docs\m3\m3\archive\2026-09-29-3f3d25f\evidence\responsive\blog-320.jpg
docs\m3\m3\archive\2026-09-29-3f3d25f\evidence\responsive\blog-360.jpg
docs\m3\m3\archive\2026-09-29-3f3d25f\evidence\responsive\blog-768.jpg
docs\m3\m3\archive\2026-09-29-3f3d25f\evidence\responsive\contact-1024.jpg
docs\m3\m3\archive\2026-09-29-3f3d25f\evidence\responsive\contact-1440.jpg
docs\m3\m3\archive\2026-09-29-3f3d25f\evidence\responsive\contact-320.jpg
docs\m3\m3\archive\2026-09-29-3f3d25f\evidence\responsive\contact-360.jpg
docs\m3\m3\archive\2026-09-29-3f3d25f\evidence\responsive\contact-768.jpg
docs\m3\m3\archive\2026-09-29-3f3d25f\evidence\responsive\cookies-1024.jpg
docs\m3\m3\archive\2026-09-29-3f3d25f\evidence\responsive\cookies-1440.jpg
docs\m3\m3\archive\2026-09-29-3f3d25f\evidence\responsive\cookies-320.jpg
docs\m3\m3\archive\2026-09-29-3f3d25f\evidence\responsive\cookies-360.jpg
docs\m3\m3\archive\2026-09-29-3f3d25f\evidence\responsive\cookies-768.jpg
docs\m3\m3\archive\2026-09-29-3f3d25f\evidence\responsive\example-report-1024.jpg
docs\m3\m3\archive\2026-09-29-3f3d25f\evidence\responsive\example-report-1440.jpg
docs\m3\m3\archive\2026-09-29-3f3d25f\evidence\responsive\example-report-320.jpg
docs\m3\m3\archive\2026-09-29-3f3d25f\evidence\responsive\example-report-360.jpg
docs\m3\m3\archive\2026-09-29-3f3d25f\evidence\responsive\example-report-768.jpg
docs\m3\m3\archive\2026-09-29-3f3d25f\evidence\responsive\home-1024.jpg
docs\m3\m3\archive\2026-09-29-3f3d25f\evidence\responsive\home-1440.jpg
docs\m3\m3\archive\2026-09-29-3f3d25f\evidence\responsive\home-320.jpg
docs\m3\m3\archive\2026-09-29-3f3d25f\evidence\responsive\home-360.jpg
docs\m3\m3\archive\2026-09-29-3f3d25f\evidence\responsive\home-768.jpg
docs\m3\m3\archive\2026-09-29-3f3d25f\evidence\responsive\how-it-works-1024.jpg
docs\m3\m3\archive\2026-09-29-3f3d25f\evidence\responsive\how-it-works-1440.jpg
docs\m3\m3\archive\2026-09-29-3f3d25f\evidence\responsive\how-it-works-320.jpg
docs\m3\m3\archive\2026-09-29-3f3d25f\evidence\responsive\how-it-works-360.jpg
docs\m3\m3\archive\2026-09-29-3f3d25f\evidence\responsive\how-it-works-768.jpg
docs\m3\m3\archive\2026-09-29-3f3d25f\evidence\responsive\medical-disclaimer-1024.jpg
docs\m3\m3\archive\2026-09-29-3f3d25f\evidence\responsive\medical-disclaimer-1440.jpg
docs\m3\m3\archive\2026-09-29-3f3d25f\evidence\responsive\medical-disclaimer-320.jpg
docs\m3\m3\archive\2026-09-29-3f3d25f\evidence\responsive\medical-disclaimer-360.jpg
docs\m3\m3\archive\2026-09-29-3f3d25f\evidence\responsive\medical-disclaimer-768.jpg
docs\m3\m3\archive\2026-09-29-3f3d25f\evidence\responsive\privacy-1024.jpg
docs\m3\m3\archive\2026-09-29-3f3d25f\evidence\responsive\privacy-1440.jpg
docs\m3\m3\archive\2026-09-29-3f3d25f\evidence\responsive\privacy-320.jpg
docs\m3\m3\archive\2026-09-29-3f3d25f\evidence\responsive\privacy-360.jpg
docs\m3\m3\archive\2026-09-29-3f3d25f\evidence\responsive\privacy-768.jpg
docs\m3\m3\archive\2026-09-29-3f3d25f\evidence\responsive\terms-1024.jpg
docs\m3\m3\archive\2026-09-29-3f3d25f\evidence\responsive\terms-1440.jpg
docs\m3\m3\archive\2026-09-29-3f3d25f\evidence\responsive\terms-320.jpg
docs\m3\m3\archive\2026-09-29-3f3d25f\evidence\responsive\terms-360.jpg
docs\m3\m3\archive\2026-09-29-3f3d25f\evidence\responsive\terms-768.jpg
docs\m3\m3\archive\2026-09-29-d12d2b1\ROOTS-AI_C03_Amendment_A1_Report_Corrections.md
docs\m3\m3\archive\2026-09-29-d12d2b1\ROOTS-AI_M3_Accessibility_Evidence.md
docs\m3\m3\archive\2026-09-29-d12d2b1\ROOTS-AI_M3_AI_Boundary_DB_Tests.sql
docs\m3\m3\archive\2026-09-29-d12d2b1\ROOTS-AI_M3_AI_Integration_Evidence.md
docs\m3\m3\archive\2026-09-29-d12d2b1\ROOTS-AI_M3_AI_Settings.md
docs\m3\m3\archive\2026-09-29-d12d2b1\ROOTS-AI_M3_Backup_and_Restore_Drill_Plan.md
docs\m3\m3\archive\2026-09-29-d12d2b1\ROOTS-AI_M3_C03_Wording_Register.md
docs\m3\m3\archive\2026-09-29-d12d2b1\ROOTS-AI_M3_C07_Critical_Row_Trace.md
docs\m3\m3\archive\2026-09-29-d12d2b1\ROOTS-AI_M3_C07_Traceability_Summary.md
docs\m3\m3\archive\2026-09-29-d12d2b1\ROOTS-AI_M3_Closure_Register.md
docs\m3\m3\archive\2026-09-29-d12d2b1\ROOTS-AI_M3_Coverage_Evidence.md
docs\m3\m3\archive\2026-09-29-d12d2b1\ROOTS-AI_M3_DB_Probe_Execution_Log.md
docs\m3\m3\archive\2026-09-29-d12d2b1\ROOTS-AI_M3_Decision_Log.md
docs\m3\m3\archive\2026-09-29-d12d2b1\ROOTS-AI_M3_Decision_Matrix.md
docs\m3\m3\archive\2026-09-29-d12d2b1\ROOTS-AI_M3_Defect_Record_B1_Secure_Link_Provisioning.md
docs\m3\m3\archive\2026-09-29-d12d2b1\ROOTS-AI_M3_Driver_State_Matrix.md
docs\m3\m3\archive\2026-09-29-d12d2b1\ROOTS-AI_M3_E2E_Evidence.md
docs\m3\m3\archive\2026-09-29-d12d2b1\ROOTS-AI_M3_Final_Report_Verification.md
docs\m3\m3\archive\2026-09-29-d12d2b1\ROOTS-AI_M3_LEG_Screen_Acceptance.md
docs\m3\m3\archive\2026-09-29-d12d2b1\ROOTS-AI_M3_OWASP_Evidence.md
docs\m3\m3\archive\2026-09-29-d12d2b1\ROOTS-AI_M3_Package_Integrity_Verification.md
docs\m3\m3\archive\2026-09-29-d12d2b1\ROOTS-AI_M3_Performance_Evidence.md
docs\m3\m3\archive\2026-09-29-d12d2b1\ROOTS-AI_M3_Performance_Test_Plan.md
docs\m3\m3\archive\2026-09-29-d12d2b1\ROOTS-AI_M3_Point19_Input_Inventory.md
docs\m3\m3\archive\2026-09-29-d12d2b1\ROOTS-AI_M3_Point21_Content_Matrix.md
docs\m3\m3\archive\2026-09-29-d12d2b1\ROOTS-AI_M3_Point34_Presentation_Boundary.md
docs\m3\m3\archive\2026-09-29-d12d2b1\ROOTS-AI_M3_Release_Manifest.md
docs\m3\m3\archive\2026-09-29-d12d2b1\ROOTS-AI_M3_Report_Review_35_Point_Checklist.md
docs\m3\m3\archive\2026-09-29-d12d2b1\ROOTS-AI_M3_Responsive_Evidence.md
docs\m3\m3\archive\2026-09-29-d12d2b1\ROOTS-AI_M3_Section7_Presentation_Matrix.md
docs\m3\m3\archive\2026-09-29-d12d2b1\ROOTS-AI_M3_Security_Evidence.md
docs\m3\m3\archive\2026-09-29-d12d2b1\ROOTS-AI_M3_Submission_Index.md
docs\m3\m3\archive\2026-09-29-d12d2b1\ROOTS-AI_M3_Synthetic_Test_Data.md
docs\m3\m3\archive\2026-09-29-d12d2b1\ROOTS-AI_M3_Token_Contrast_Evidence.md
docs\m3\m3\archive\2026-09-29-d12d2b1\ROOTS-AI_M3_Vendor_Copy_Register.md
docs\m3\m3\archive\2026-09-29-d12d2b1\ROOTS-AI_M3_Web_PDF_Parity_Matrix.md
docs\m3\m3\archive\2026-09-29-d12d2b1\evidence\C07_v1.0.1_M3_VENDOR_COMPLETED.xlsx
docs\m3\m3\archive\2026-09-29-d12d2b1\evidence\db-probes.csv
docs\m3\m3\archive\2026-09-29-d12d2b1\evidence\parity-GT-001.pdf
docs\m3\m3\archive\2026-09-29-d12d2b1\evidence\parity-GT-002.pdf
docs\m3\m3\archive\2026-09-29-d12d2b1\evidence\parity-GT-013.pdf
docs\m3\m3\archive\2026-09-29-d12d2b1\evidence\parity-GT-017.pdf
docs\m3\m3\archive\2026-09-29-d12d2b1\evidence\parity-GT-020.pdf
docs\m3\m3\archive\2026-09-29-d12d2b1\evidence\parity-input.json
docs\m3\m3\archive\2026-09-29-d12d2b1\evidence\point21-matrix.json
docs\m3\m3\archive\2026-09-29-d12d2b1\evidence\Point21_Content_Matrix_FOR_ROOTS.xlsx
docs\m3\m3\archive\2026-09-29-d12d2b1\evidence\review-points.pdf
docs\m3\m3\archive\2026-09-29-d12d2b1\evidence\responsive\ai-disclaimer-1024.jpg
docs\m3\m3\archive\2026-09-29-d12d2b1\evidence\responsive\ai-disclaimer-1440.jpg
docs\m3\m3\archive\2026-09-29-d12d2b1\evidence\responsive\ai-disclaimer-320.jpg
docs\m3\m3\archive\2026-09-29-d12d2b1\evidence\responsive\ai-disclaimer-360.jpg
docs\m3\m3\archive\2026-09-29-d12d2b1\evidence\responsive\ai-disclaimer-768.jpg
docs\m3\m3\archive\2026-09-29-d12d2b1\evidence\responsive\assessment-1024.jpg
docs\m3\m3\archive\2026-09-29-d12d2b1\evidence\responsive\assessment-1440.jpg
docs\m3\m3\archive\2026-09-29-d12d2b1\evidence\responsive\assessment-320.jpg
docs\m3\m3\archive\2026-09-29-d12d2b1\evidence\responsive\assessment-360.jpg
docs\m3\m3\archive\2026-09-29-d12d2b1\evidence\responsive\assessment-768.jpg
docs\m3\m3\archive\2026-09-29-d12d2b1\evidence\responsive\blog-1024.jpg
docs\m3\m3\archive\2026-09-29-d12d2b1\evidence\responsive\blog-1440.jpg
docs\m3\m3\archive\2026-09-29-d12d2b1\evidence\responsive\blog-320.jpg
docs\m3\m3\archive\2026-09-29-d12d2b1\evidence\responsive\blog-360.jpg
docs\m3\m3\archive\2026-09-29-d12d2b1\evidence\responsive\blog-768.jpg
docs\m3\m3\archive\2026-09-29-d12d2b1\evidence\responsive\contact-1024.jpg
docs\m3\m3\archive\2026-09-29-d12d2b1\evidence\responsive\contact-1440.jpg
docs\m3\m3\archive\2026-09-29-d12d2b1\evidence\responsive\contact-320.jpg
docs\m3\m3\archive\2026-09-29-d12d2b1\evidence\responsive\contact-360.jpg
docs\m3\m3\archive\2026-09-29-d12d2b1\evidence\responsive\contact-768.jpg
docs\m3\m3\archive\2026-09-29-d12d2b1\evidence\responsive\cookies-1024.jpg
docs\m3\m3\archive\2026-09-29-d12d2b1\evidence\responsive\cookies-1440.jpg
docs\m3\m3\archive\2026-09-29-d12d2b1\evidence\responsive\cookies-320.jpg
docs\m3\m3\archive\2026-09-29-d12d2b1\evidence\responsive\cookies-360.jpg
docs\m3\m3\archive\2026-09-29-d12d2b1\evidence\responsive\cookies-768.jpg
docs\m3\m3\archive\2026-09-29-d12d2b1\evidence\responsive\example-report-1024.jpg
docs\m3\m3\archive\2026-09-29-d12d2b1\evidence\responsive\example-report-1440.jpg
docs\m3\m3\archive\2026-09-29-d12d2b1\evidence\responsive\example-report-320.jpg
docs\m3\m3\archive\2026-09-29-d12d2b1\evidence\responsive\example-report-360.jpg
docs\m3\m3\archive\2026-09-29-d12d2b1\evidence\responsive\example-report-768.jpg
docs\m3\m3\archive\2026-09-29-d12d2b1\evidence\responsive\home-1024.jpg
docs\m3\m3\archive\2026-09-29-d12d2b1\evidence\responsive\home-1440.jpg
docs\m3\m3\archive\2026-09-29-d12d2b1\evidence\responsive\home-320.jpg
docs\m3\m3\archive\2026-09-29-d12d2b1\evidence\responsive\home-360.jpg
docs\m3\m3\archive\2026-09-29-d12d2b1\evidence\responsive\home-768.jpg
docs\m3\m3\archive\2026-09-29-d12d2b1\evidence\responsive\how-it-works-1024.jpg
docs\m3\m3\archive\2026-09-29-d12d2b1\evidence\responsive\how-it-works-1440.jpg
docs\m3\m3\archive\2026-09-29-d12d2b1\evidence\responsive\how-it-works-320.jpg
docs\m3\m3\archive\2026-09-29-d12d2b1\evidence\responsive\how-it-works-360.jpg
docs\m3\m3\archive\2026-09-29-d12d2b1\evidence\responsive\how-it-works-768.jpg
docs\m3\m3\archive\2026-09-29-d12d2b1\evidence\responsive\medical-disclaimer-1024.jpg
docs\m3\m3\archive\2026-09-29-d12d2b1\evidence\responsive\medical-disclaimer-1440.jpg
docs\m3\m3\archive\2026-09-29-d12d2b1\evidence\responsive\medical-disclaimer-320.jpg
docs\m3\m3\archive\2026-09-29-d12d2b1\evidence\responsive\medical-disclaimer-360.jpg
docs\m3\m3\archive\2026-09-29-d12d2b1\evidence\responsive\medical-disclaimer-768.jpg
docs\m3\m3\archive\2026-09-29-d12d2b1\evidence\responsive\privacy-1024.jpg
docs\m3\m3\archive\2026-09-29-d12d2b1\evidence\responsive\privacy-1440.jpg
docs\m3\m3\archive\2026-09-29-d12d2b1\evidence\responsive\privacy-320.jpg
docs\m3\m3\archive\2026-09-29-d12d2b1\evidence\responsive\privacy-360.jpg
docs\m3\m3\archive\2026-09-29-d12d2b1\evidence\responsive\privacy-768.jpg
docs\m3\m3\archive\2026-09-29-d12d2b1\evidence\responsive\terms-1024.jpg
docs\m3\m3\archive\2026-09-29-d12d2b1\evidence\responsive\terms-1440.jpg
docs\m3\m3\archive\2026-09-29-d12d2b1\evidence\responsive\terms-320.jpg
docs\m3\m3\archive\2026-09-29-d12d2b1\evidence\responsive\terms-360.jpg
docs\m3\m3\archive\2026-09-29-d12d2b1\evidence\responsive\terms-768.jpg
docs\m3\m3\archive\2026-09-30-48c6639\ROOTS-AI_C03_Amendment_A1_Report_Corrections.md
docs\m3\m3\archive\2026-09-30-48c6639\ROOTS-AI_M3_Accessibility_Evidence.md
docs\m3\m3\archive\2026-09-30-48c6639\ROOTS-AI_M3_AI_Boundary_DB_Tests.sql
docs\m3\m3\archive\2026-09-30-48c6639\ROOTS-AI_M3_AI_Integration_Evidence.md
docs\m3\m3\archive\2026-09-30-48c6639\ROOTS-AI_M3_AI_Settings.md
docs\m3\m3\archive\2026-09-30-48c6639\ROOTS-AI_M3_Backup_and_Restore_Drill_Plan.md
docs\m3\m3\archive\2026-09-30-48c6639\ROOTS-AI_M3_C03_Wording_Register.md
docs\m3\m3\archive\2026-09-30-48c6639\ROOTS-AI_M3_C07_Critical_Row_Trace.md
docs\m3\m3\archive\2026-09-30-48c6639\ROOTS-AI_M3_C07_Traceability_Summary.md
docs\m3\m3\archive\2026-09-30-48c6639\ROOTS-AI_M3_Closure_Register.md
docs\m3\m3\archive\2026-09-30-48c6639\ROOTS-AI_M3_Coverage_Evidence.md
docs\m3\m3\archive\2026-09-30-48c6639\ROOTS-AI_M3_DB_Probe_Execution_Log.md
docs\m3\m3\archive\2026-09-30-48c6639\ROOTS-AI_M3_Decision_Log.md
docs\m3\m3\archive\2026-09-30-48c6639\ROOTS-AI_M3_Decision_Matrix.md
docs\m3\m3\archive\2026-09-30-48c6639\ROOTS-AI_M3_Defect_Record_B1_Secure_Link_Provisioning.md
docs\m3\m3\archive\2026-09-30-48c6639\ROOTS-AI_M3_Driver_State_Matrix.md
docs\m3\m3\archive\2026-09-30-48c6639\ROOTS-AI_M3_E2E_Evidence.md
docs\m3\m3\archive\2026-09-30-48c6639\ROOTS-AI_M3_Final_Report_Verification.md
docs\m3\m3\archive\2026-09-30-48c6639\ROOTS-AI_M3_LEG_Screen_Acceptance.md
docs\m3\m3\archive\2026-09-30-48c6639\ROOTS-AI_M3_OWASP_Evidence.md
docs\m3\m3\archive\2026-09-30-48c6639\ROOTS-AI_M3_Package_Integrity_Verification.md
docs\m3\m3\archive\2026-09-30-48c6639\ROOTS-AI_M3_Performance_Evidence.md
docs\m3\m3\archive\2026-09-30-48c6639\ROOTS-AI_M3_Performance_Test_Plan.md
docs\m3\m3\archive\2026-09-30-48c6639\ROOTS-AI_M3_Point19_Input_Inventory.md
docs\m3\m3\archive\2026-09-30-48c6639\ROOTS-AI_M3_Point21_Content_Matrix.md
docs\m3\m3\archive\2026-09-30-48c6639\ROOTS-AI_M3_Point34_Presentation_Boundary.md
docs\m3\m3\archive\2026-09-30-48c6639\ROOTS-AI_M3_Release_Manifest.md
docs\m3\m3\archive\2026-09-30-48c6639\ROOTS-AI_M3_Report_Review_35_Point_Checklist.md
docs\m3\m3\archive\2026-09-30-48c6639\ROOTS-AI_M3_Responsive_Evidence.md
docs\m3\m3\archive\2026-09-30-48c6639\ROOTS-AI_M3_Section7_Presentation_Matrix.md
docs\m3\m3\archive\2026-09-30-48c6639\ROOTS-AI_M3_Security_Evidence.md
docs\m3\m3\archive\2026-09-30-48c6639\ROOTS-AI_M3_Submission_Index.md
docs\m3\m3\archive\2026-09-30-48c6639\ROOTS-AI_M3_Synthetic_Test_Data.md
docs\m3\m3\archive\2026-09-30-48c6639\ROOTS-AI_M3_Token_Contrast_Evidence.md
docs\m3\m3\archive\2026-09-30-48c6639\ROOTS-AI_M3_Vendor_Copy_Register.md
docs\m3\m3\archive\2026-09-30-48c6639\ROOTS-AI_M3_Web_PDF_Parity_Matrix.md
docs\m3\m3\archive\2026-09-30-48c6639\evidence\C07_v1.0.1_M3_VENDOR_COMPLETED.xlsx
docs\m3\m3\archive\2026-09-30-48c6639\evidence\db-probes.csv
docs\m3\m3\archive\2026-09-30-48c6639\evidence\parity-GT-001.pdf
docs\m3\m3\archive\2026-09-30-48c6639\evidence\parity-GT-002.pdf
docs\m3\m3\archive\2026-09-30-48c6639\evidence\parity-GT-013.pdf
docs\m3\m3\archive\2026-09-30-48c6639\evidence\parity-GT-017.pdf
docs\m3\m3\archive\2026-09-30-48c6639\evidence\parity-GT-020.pdf
docs\m3\m3\archive\2026-09-30-48c6639\evidence\parity-input.json
docs\m3\m3\archive\2026-09-30-48c6639\evidence\point21-matrix.json
docs\m3\m3\archive\2026-09-30-48c6639\evidence\Point21_Content_Matrix_FOR_ROOTS.xlsx
docs\m3\m3\archive\2026-09-30-48c6639\evidence\review-points.pdf
docs\m3\m3\archive\2026-09-30-48c6639\evidence\responsive\ai-disclaimer-1024.jpg
docs\m3\m3\archive\2026-09-30-48c6639\evidence\responsive\ai-disclaimer-1440.jpg
docs\m3\m3\archive\2026-09-30-48c6639\evidence\responsive\ai-disclaimer-320.jpg
docs\m3\m3\archive\2026-09-30-48c6639\evidence\responsive\ai-disclaimer-360.jpg
docs\m3\m3\archive\2026-09-30-48c6639\evidence\responsive\ai-disclaimer-768.jpg
docs\m3\m3\archive\2026-09-30-48c6639\evidence\responsive\assessment-1024.jpg
docs\m3\m3\archive\2026-09-30-48c6639\evidence\responsive\assessment-1440.jpg
docs\m3\m3\archive\2026-09-30-48c6639\evidence\responsive\assessment-320.jpg
docs\m3\m3\archive\2026-09-30-48c6639\evidence\responsive\assessment-360.jpg
docs\m3\m3\archive\2026-09-30-48c6639\evidence\responsive\assessment-768.jpg
docs\m3\m3\archive\2026-09-30-48c6639\evidence\responsive\blog-1024.jpg
docs\m3\m3\archive\2026-09-30-48c6639\evidence\responsive\blog-1440.jpg
docs\m3\m3\archive\2026-09-30-48c6639\evidence\responsive\blog-320.jpg
docs\m3\m3\archive\2026-09-30-48c6639\evidence\responsive\blog-360.jpg
docs\m3\m3\archive\2026-09-30-48c6639\evidence\responsive\blog-768.jpg
docs\m3\m3\archive\2026-09-30-48c6639\evidence\responsive\contact-1024.jpg
docs\m3\m3\archive\2026-09-30-48c6639\evidence\responsive\contact-1440.jpg
docs\m3\m3\archive\2026-09-30-48c6639\evidence\responsive\contact-320.jpg
docs\m3\m3\archive\2026-09-30-48c6639\evidence\responsive\contact-360.jpg
docs\m3\m3\archive\2026-09-30-48c6639\evidence\responsive\contact-768.jpg
docs\m3\m3\archive\2026-09-30-48c6639\evidence\responsive\cookies-1024.jpg
docs\m3\m3\archive\2026-09-30-48c6639\evidence\responsive\cookies-1440.jpg
docs\m3\m3\archive\2026-09-30-48c6639\evidence\responsive\cookies-320.jpg
docs\m3\m3\archive\2026-09-30-48c6639\evidence\responsive\cookies-360.jpg
docs\m3\m3\archive\2026-09-30-48c6639\evidence\responsive\cookies-768.jpg
docs\m3\m3\archive\2026-09-30-48c6639\evidence\responsive\example-report-1024.jpg
docs\m3\m3\archive\2026-09-30-48c6639\evidence\responsive\example-report-1440.jpg
docs\m3\m3\archive\2026-09-30-48c6639\evidence\responsive\example-report-320.jpg
docs\m3\m3\archive\2026-09-30-48c6639\evidence\responsive\example-report-360.jpg
docs\m3\m3\archive\2026-09-30-48c6639\evidence\responsive\example-report-768.jpg
docs\m3\m3\archive\2026-09-30-48c6639\evidence\responsive\home-1024.jpg
docs\m3\m3\archive\2026-09-30-48c6639\evidence\responsive\home-1440.jpg
docs\m3\m3\archive\2026-09-30-48c6639\evidence\responsive\home-320.jpg
docs\m3\m3\archive\2026-09-30-48c6639\evidence\responsive\home-360.jpg
docs\m3\m3\archive\2026-09-30-48c6639\evidence\responsive\home-768.jpg
docs\m3\m3\archive\2026-09-30-48c6639\evidence\responsive\how-it-works-1024.jpg
docs\m3\m3\archive\2026-09-30-48c6639\evidence\responsive\how-it-works-1440.jpg
docs\m3\m3\archive\2026-09-30-48c6639\evidence\responsive\how-it-works-320.jpg
docs\m3\m3\archive\2026-09-30-48c6639\evidence\responsive\how-it-works-360.jpg
docs\m3\m3\archive\2026-09-30-48c6639\evidence\responsive\how-it-works-768.jpg
docs\m3\m3\archive\2026-09-30-48c6639\evidence\responsive\medical-disclaimer-1024.jpg
docs\m3\m3\archive\2026-09-30-48c6639\evidence\responsive\medical-disclaimer-1440.jpg
docs\m3\m3\archive\2026-09-30-48c6639\evidence\responsive\medical-disclaimer-320.jpg
docs\m3\m3\archive\2026-09-30-48c6639\evidence\responsive\medical-disclaimer-360.jpg
docs\m3\m3\archive\2026-09-30-48c6639\evidence\responsive\medical-disclaimer-768.jpg
docs\m3\m3\archive\2026-09-30-48c6639\evidence\responsive\privacy-1024.jpg
docs\m3\m3\archive\2026-09-30-48c6639\evidence\responsive\privacy-1440.jpg
docs\m3\m3\archive\2026-09-30-48c6639\evidence\responsive\privacy-320.jpg
docs\m3\m3\archive\2026-09-30-48c6639\evidence\responsive\privacy-360.jpg
docs\m3\m3\archive\2026-09-30-48c6639\evidence\responsive\privacy-768.jpg
docs\m3\m3\archive\2026-09-30-48c6639\evidence\responsive\terms-1024.jpg
docs\m3\m3\archive\2026-09-30-48c6639\evidence\responsive\terms-1440.jpg
docs\m3\m3\archive\2026-09-30-48c6639\evidence\responsive\terms-320.jpg
docs\m3\m3\archive\2026-09-30-48c6639\evidence\responsive\terms-360.jpg
docs\m3\m3\archive\2026-09-30-48c6639\evidence\responsive\terms-768.jpg
docs\m3\m3\evidence\C07_v1.0.1_M3_VENDOR_COMPLETED.xlsx
docs\m3\m3\evidence\db-probes.csv
docs\m3\m3\evidence\parity-GT-001.pdf
docs\m3\m3\evidence\parity-GT-002.pdf
docs\m3\m3\evidence\parity-GT-013.pdf
docs\m3\m3\evidence\parity-GT-017.pdf
docs\m3\m3\evidence\parity-GT-020.pdf
docs\m3\m3\evidence\parity-input.json
docs\m3\m3\evidence\point21-matrix.json
docs\m3\m3\evidence\Point21_Content_Matrix_FOR_ROOTS.xlsx
docs\m3\m3\evidence\review-points.pdf
docs\m3\m3\evidence\responsive\ai-disclaimer-1024.jpg
docs\m3\m3\evidence\responsive\ai-disclaimer-1440.jpg
docs\m3\m3\evidence\responsive\ai-disclaimer-320.jpg
docs\m3\m3\evidence\responsive\ai-disclaimer-360.jpg
docs\m3\m3\evidence\responsive\ai-disclaimer-768.jpg
docs\m3\m3\evidence\responsive\assessment-1024.jpg
docs\m3\m3\evidence\responsive\assessment-1440.jpg
docs\m3\m3\evidence\responsive\assessment-320.jpg
docs\m3\m3\evidence\responsive\assessment-360.jpg
docs\m3\m3\evidence\responsive\assessment-768.jpg
docs\m3\m3\evidence\responsive\blog-1024.jpg
docs\m3\m3\evidence\responsive\blog-1440.jpg
docs\m3\m3\evidence\responsive\blog-320.jpg
docs\m3\m3\evidence\responsive\blog-360.jpg
docs\m3\m3\evidence\responsive\blog-768.jpg
docs\m3\m3\evidence\responsive\contact-1024.jpg
docs\m3\m3\evidence\responsive\contact-1440.jpg
docs\m3\m3\evidence\responsive\contact-320.jpg
docs\m3\m3\evidence\responsive\contact-360.jpg
docs\m3\m3\evidence\responsive\contact-768.jpg
docs\m3\m3\evidence\responsive\cookies-1024.jpg
docs\m3\m3\evidence\responsive\cookies-1440.jpg
docs\m3\m3\evidence\responsive\cookies-320.jpg
docs\m3\m3\evidence\responsive\cookies-360.jpg
docs\m3\m3\evidence\responsive\cookies-768.jpg
docs\m3\m3\evidence\responsive\example-report-1024.jpg
docs\m3\m3\evidence\responsive\example-report-1440.jpg
docs\m3\m3\evidence\responsive\example-report-320.jpg
docs\m3\m3\evidence\responsive\example-report-360.jpg
docs\m3\m3\evidence\responsive\example-report-768.jpg
docs\m3\m3\evidence\responsive\home-1024.jpg
docs\m3\m3\evidence\responsive\home-1440.jpg
docs\m3\m3\evidence\responsive\home-320.jpg
docs\m3\m3\evidence\responsive\home-360.jpg
docs\m3\m3\evidence\responsive\home-768.jpg
docs\m3\m3\evidence\responsive\how-it-works-1024.jpg
docs\m3\m3\evidence\responsive\how-it-works-1440.jpg
docs\m3\m3\evidence\responsive\how-it-works-320.jpg
docs\m3\m3\evidence\responsive\how-it-works-360.jpg
docs\m3\m3\evidence\responsive\how-it-works-768.jpg
docs\m3\m3\evidence\responsive\medical-disclaimer-1024.jpg
docs\m3\m3\evidence\responsive\medical-disclaimer-1440.jpg
docs\m3\m3\evidence\responsive\medical-disclaimer-320.jpg
docs\m3\m3\evidence\responsive\medical-disclaimer-360.jpg
docs\m3\m3\evidence\responsive\medical-disclaimer-768.jpg
docs\m3\m3\evidence\responsive\privacy-1024.jpg
docs\m3\m3\evidence\responsive\privacy-1440.jpg
docs\m3\m3\evidence\responsive\privacy-320.jpg
docs\m3\m3\evidence\responsive\privacy-360.jpg
docs\m3\m3\evidence\responsive\privacy-768.jpg
docs\m3\m3\evidence\responsive\terms-1024.jpg
docs\m3\m3\evidence\responsive\terms-1440.jpg
docs\m3\m3\evidence\responsive\terms-320.jpg
docs\m3\m3\evidence\responsive\terms-360.jpg
docs\m3\m3\evidence\responsive\terms-768.jpg
418
