
> roots-ai-learning@0.1.0 test:rls
> node scripts/run-rls-suite.mjs

ROOTS-AI(TM) M2 Item 9 - RLS Negative Isolation Suite

Suite    : migrations/tests/rls_negative_suite.sql
Schema   : migrations/001_initial_schema.sql
Policies : migrations/002_add_rls_policies.sql
Target   : (none supplied)

STATUS: PENDING ROOTS CREDENTIALS - live run not executed.

The controlled negative RLS suite is complete and ready to run. It has NOT
been executed because no ROOTS Supabase database credential is available in
this environment. The following inputs are required:

  SUPABASE_URL                Supabase project URL
  SUPABASE_ANON_KEY           anon (public) key
  SUPABASE_SERVICE_ROLE_KEY   service-role key (server-side only)
  SUPABASE_DB_URL             Postgres connection string for psql
                              e.g. postgresql://postgres:<pw>@db.<ref>.supabase.co:5432/postgres

Once supplied, run:

  psql "$SUPABASE_DB_URL" -f migrations/001_initial_schema.sql
  psql "$SUPABASE_DB_URL" -f migrations/002_add_rls_policies.sql
  psql "$SUPABASE_DB_URL" -f migrations/tests/rls_negative_suite.sql

or, to apply the schema/policies and capture evidence in one step:

  node scripts/run-rls-suite.mjs --write-evidence

Artifacts delivered and verified present:
  * migrations/001_initial_schema.sql   - schema (sessions/reports/audit_logs, ownership column, indexes)
  * migrations/002_add_rls_policies.sql - RLS enabled + forced, ownership policies, immutability policies
  * migrations/tests/rls_negative_suite.sql    - 25 negative isolation cases with in-SQL PASS/FAIL and non-zero exit on failure

Generated: 2026-09-30T06:23:19.176Z
